START OF ANALYSIS OF FILE '/home/siniscalchi/scratch/SCIA/SCIA-FEED/tests/TESTDATA/indicators/input/loc01_00009_201801010100_201801011000.dat.csv'
==================================================================================================================================================

- computing day indicators for cod_staz=9--38, day=2018-01-01
- computing day indicators for cod_staz=9--38, day=2018-01-02
- computing day indicators for cod_staz=9--38, day=2018-01-03
- computing day indicators for cod_staz=9--38, day=2018-01-04
- computing day indicators for cod_staz=9--38, day=2018-01-05
- computing day indicators for cod_staz=9--38, day=2018-01-06
- computing day indicators for cod_staz=9--38, day=2018-01-07
- computing day indicators for cod_staz=9--38, day=2018-01-08
- computing day indicators for cod_staz=9--38, day=2018-01-09
- computing day indicators for cod_staz=9--38, day=2018-01-10

END OF ANALYSIS OF FILE
=======================

